✔ S02: the shipped policy bundle loads, validates, and carries id/version/digest (3.5186ms)
✔ S02: the bundle covers every frozen EFFECT_CLASS value — no effect is unruled (1.2673ms)
✔ S02: every trustMinimum in the bundle is a value of the frozen AUTHENTICATION_METHOD enum (0.5854ms)
✔ S02: an unknown top-level field fails closed with ARC_POLICY_UNKNOWN_FIELD (1.7413ms)
✔ S02: a malformed bundle fails closed with ARC_POLICY_MALFORMED (1.4651ms)
✔ S02: with no policy at all, protected operations are denied and read-only degrades honestly (0.3259ms)
✔ S02: changing the bundle changes runtime behavior with no code edit (0.9355ms)
✔ S02: an effect class the bundle does not rule is refused, never bucketed into a catch-all (0.7167ms)
✔ S02: approval-required effects surface ARC_APPROVAL_REQUIRED when no approval digest is bound (0.8436ms)
✔ S02: policy id/version/digest bind into every capability and receipt (0.8ms)
✔ S02: capability and replay limits come from the bundle, not from constants in code (1.2681ms)
✔ S02: degradation behavior is data-driven and mutation never silently passes (0.5421ms)
✔ S02: claim prerequisites are evaluated from the bundle — stale evidence blocks a signoff claim (0.613ms)
✔ S02: a signoff claim on degraded enforcement is refused, not quietly downgraded (0.4479ms)
✔ S02: the highRisk claim level preserves Forge’s intent/blast-radius/why-safe triple (0.3576ms)
✔ S02: waiver authority is named by policy and a non-named authority cannot waive (0.6702ms)
✔ S02: authority is kernel-asserted per turn and readable back for that turn only (0.2115ms)
✔ S02: a model/API payload cannot set trusted authority (0.201ms)
✔ S02: an unknown authority value is refused even from the kernel (0.1126ms)
✔ S02: a payload whose claimed authority differs from the kernel assertion is refused (0.1309ms)
✔ S02: with no assertion for the turn, authority-bearing work is refused (0.0721ms)
✔ S02: connection-level trust is recorded honestly as perMessage:false (0.0621ms)
✔ S02: no adapter duplicates policy — the bridge holds no allow/deny logic (0.6336ms)
✔ S02: the policy engine is the only module that reads effectRules (0.2154ms)
✔ S02: EFFECT_CLASS reconciliation (SEAL Q4) is recorded, with every frozen value dispositioned (0.1741ms)
✔ S02: FILE_READ is proposed — §24a’s read-only downgrade path is unrepresentable without it (0.0592ms)
ℹ tests 26
ℹ suites 0
ℹ pass 26
ℹ fail 0
ℹ cancelled 0
ℹ skipped 0
ℹ todo 0
ℹ duration_ms 140.9348
