✔ B2 platform source raw paths preserve declared bytes and digests (18.3767ms)
✔ B2 detector registry has executable evidence rules for every target kind (3.1521ms)
✔ B2 browser extension evidence cannot yield zero-target clean topology (1.9888ms)
✔ B2 target IDs are stable across Windows separators (0.3852ms)
✔ B2 selector compiler rejects unknown keys and honors stack environment policy (1.0983ms)
✔ B2 unresolved rights cannot produce derived control IDs (0.7359ms)
✔ B2 external evidence rejects duplicate claim levels and missing artifact freshness (1.5815ms)
✔ B2 generated controls retain lineage providers rules and stop-ship semantics (4.167ms)
✔ B2 controls map to real provider authority and source catalogue retains parser lineage (5.1416ms)
✔ B2 control stage fails closed on absent packs and zero denominator (2.5542ms)
✔ B2 pairwise output covers all pairs and reports constrained omissions (10.6427ms)
✔ B2 portfolio accounts for every declared material deliverable (1.5783ms)
✔ B2 component IDs are structural path-stable and collision resistant (0.815ms)
✔ B2 release contracts reject unknown fields and report claim gaps (1.0458ms)
✔ B2 baseline rejects missing pack dependencies and incompatible duplicate contracts (0.71ms)
✔ B2 product topology cannot pass with zero targets or unknown components (14.946ms)
✔ B2 scenarios preserve unavailable mandatory cases as claim-blocking omissions (0.3517ms)
✔ B2 schemas validate full runtime targets and controls with no undeclared fields (4.7788ms)
✔ B2 component graph schema validates nested runtime records and rejects malformed components (1.5573ms)
✔ B2 portfolio schema enforces nested target parity and nullable bindings (1.415ms)
✔ B2 target detection handles root bin but ignores prose-only API words (0.3249ms)
✔ B2 component graph rejects ghost targets and invalid relation endpoints (0.2295ms)
✔ B2 portfolio rejects unknown relation endpoints and emits schema-complete unknown targets (1.1239ms)
✔ B2 topology conflicts and unknown stacks block completion (1.404ms)
✔ B2 rights remain item-scoped and external evidence expiry uses supplied clock (0.294ms)
✔ B2 capabilities require host receipts rather than boolean assertions (0.4149ms)
✔ B2 capability availability requires bound fresh artifact evidence under host clock (0.2863ms)
✔ B2 runtime target validator enforces schema-required arrays and enums (0.1784ms)
✔ B2 targets bind classification graphs and bounded review merges provenance (1.6904ms)
✔ B2 duplicate controls compare all semantic execution fields (0.2191ms)
✔ B2 pairwise preserves one-dimensional and mandatory cases without Cartesian candidates (2.3978ms)
✔ B2 pairwise finds non-default constrained witnesses and rejects malformed mandatory rows (0.7633ms)
✔ B2 inspect command returns incomplete for empty topology (10.6864ms)
✔ B2 inspection integrates release context external systems scenario axes and report skeleton (23.192ms)
✔ B2 capabilities require exact expected binding and an injected clock (0.4184ms)
✔ B2 baseline evaluates shared components against every linked target (0.3416ms)
✔ B2 empty scenario dimensions remain incomplete and constraints flow into pairwise (0.3729ms)
✔ B2 detector ignores manifest descriptions and duplicate targets retain contradictions (0.7423ms)
✔ B2 source ingestion validates digest algorithm and external declarations need evidence (0.4394ms)
✔ B2 platform parser retains all mobile table rows and release blockers without prose redistribution (12.5909ms)
✔ B2 release context scenario runtime values validate against strict schemas (2.4075ms)
✔ B2 controls resolve real rules and compare complete duplicate contracts (8.885ms)
✔ B2 classification review requires sealed nonempty evidence and strict confidence (0.3295ms)
✔ B2 external evidence validation requires an injected frozen clock (0.172ms)
ℹ tests 44
ℹ suites 0
ℹ pass 44
ℹ fail 0
ℹ cancelled 0
ℹ skipped 0
ℹ todo 0
ℹ duration_ms 234.2551
