✔ specialist.json registry and the four specialist packs are in exact rule-id parity (0.8577ms)
✔ every specialist pack is frozen at the measured support tier (0.1032ms)
✔ parser-presence-only fixtures (domain file type, zero risky pattern) do not raise the tier or emit a clean/certified claim (2.6832ms)
✔ mobile pack flags a dangerous permission, deep link, exported component, backup, and cleartext from real extractor entities (2.292ms)
✔ mobile pack mitigation: stripped permission, verified app link, permission-gated component, allowlisted bridge, enforced backup produce no/downgraded candidates (0.5768ms)
✔ mobile bench regression fixture (no exported=true) yields zero candidates (0.1686ms)
✔ mobile pack flags insecure sensitive-data storage and debug signing in release, clean by default (0.7886ms)
✔ smart-contract pack covers access-control, reentrancy, oracle, upgradeability, and signature/replay categories (1.2755ms)
✔ smart-contract pack emits nothing for a non-Solidity file even with a risky-looking pattern (0.1528ms)
✔ embedded-iot pack covers firmware-update, debug-interface, credential, and identity categories (0.9422ms)
✔ ics-ot pack covers authorization, segmentation, and update-policy categories (1.5338ms)
✔ every specialist candidate states a non-empty static/runtime scope, hazards, assumptions, and authority limits (0.4188ms)
✔ no specialist pack imports a live-probe-capable builtin, a serial/USB library, or calls fetch( (0.7375ms)
✔ no rule, claim, or detectorMetadata string in any specialist pack asserts certification or regulatory compliance (0.5038ms)
✔ every specialist pack declares a variantStrategy with rootCause/enumerate for every rule (0.1072ms)
ℹ tests 15
ℹ suites 0
ℹ pass 15
ℹ fail 0
ℹ cancelled 0
ℹ skipped 0
ℹ todo 0
ℹ duration_ms 97.3363
